#
# Autogenerated by generate-bytecode-expectations.
#

---
wrap: no
test function name: f

---
snippet: "
  function f(a) { return a.name; }
  f({name : \"test\"});
"
frame size: 0
parameter count: 2
bytecode array length: 7
bytecodes: [
  /*   10 E> */ B(StackCheck),
  /*   16 S> */ B(Nop),
  /*   25 E> */ B(LdaNamedProperty), R(arg0), U8(0), U8(4),
  /*   31 S> */ B(Return),
]
constant pool: [
  ONE_BYTE_INTERNALIZED_STRING_TYPE ["name"],
]
handlers: [
]

---
snippet: "
  function f(a) { return a[\"key\"]; }
  f({key : \"test\"});
"
frame size: 0
parameter count: 2
bytecode array length: 7
bytecodes: [
  /*   10 E> */ B(StackCheck),
  /*   16 S> */ B(Nop),
  /*   24 E> */ B(LdaNamedProperty), R(arg0), U8(0), U8(4),
  /*   33 S> */ B(Return),
]
constant pool: [
  ONE_BYTE_INTERNALIZED_STRING_TYPE ["key"],
]
handlers: [
]

---
snippet: "
  function f(a) { return a[100]; }
  f({100 : \"test\"});
"
frame size: 0
parameter count: 2
bytecode array length: 7
bytecodes: [
  /*   10 E> */ B(StackCheck),
  /*   16 S> */ B(LdaSmi), I8(100),
  /*   24 E> */ B(LdaKeyedProperty), R(arg0), U8(4),
  /*   31 S> */ B(Return),
]
constant pool: [
]
handlers: [
]

---
snippet: "
  function f(a, b) { return a[b]; }
  f({arg : \"test\"}, \"arg\");
"
frame size: 0
parameter count: 3
bytecode array length: 7
bytecodes: [
  /*   10 E> */ B(StackCheck),
  /*   19 S> */ B(Ldar), R(arg1),
  /*   28 E> */ B(LdaKeyedProperty), R(arg0), U8(4),
  /*   32 S> */ B(Return),
]
constant pool: [
]
handlers: [
]

---
snippet: "
  function f(a) { var b = a.name; return a[-124]; }
  f({\"-124\" : \"test\", name : 123 })
"
frame size: 1
parameter count: 2
bytecode array length: 14
bytecodes: [
  /*   10 E> */ B(StackCheck),
  /*   24 S> */ B(Nop),
  /*   26 E> */ B(LdaNamedProperty), R(arg0), U8(0), U8(4),
                B(Star), R(0),
  /*   32 S> */ B(LdaSmi), I8(-124),
  /*   40 E> */ B(LdaKeyedProperty), R(arg0), U8(6),
  /*   48 S> */ B(Return),
]
constant pool: [
  ONE_BYTE_INTERNALIZED_STRING_TYPE ["name"],
]
handlers: [
]

---
snippet: "
  function f(a) {
    var b;
    b = a.name;
    b = a.name;
    b = a.name;
    b = a.name;
    b = a.name;
    b = a.name;
    b = a.name;
    b = a.name;
    b = a.name;
    b = a.name;
    b = a.name;
    b = a.name;
    b = a.name;
    b = a.name;
    b = a.name;
    b = a.name;
    b = a.name;
    b = a.name;
    b = a.name;
    b = a.name;
    b = a.name;
    b = a.name;
    b = a.name;
    b = a.name;
    b = a.name;
    b = a.name;
    b = a.name;
    b = a.name;
    b = a.name;
    b = a.name;
    b = a.name;
    b = a.name;
    b = a.name;
    b = a.name;
    b = a.name;
    b = a.name;
    b = a.name;
    b = a.name;
    b = a.name;
    b = a.name;
    b = a.name;
    b = a.name;
    b = a.name;
    b = a.name;
    b = a.name;
    b = a.name;
    b = a.name;
    b = a.name;
    b = a.name;
    b = a.name;
    b = a.name;
    b = a.name;
    b = a.name;
    b = a.name;
    b = a.name;
    b = a.name;
    b = a.name;
    b = a.name;
    b = a.name;
    b = a.name;
    b = a.name;
    b = a.name;
    b = a.name;
    b = a.name;
    b = a.name;
    b = a.name;
    b = a.name;
    b = a.name;
    b = a.name;
    b = a.name;
    b = a.name;
    b = a.name;
    b = a.name;
    b = a.name;
    b = a.name;
    b = a.name;
    b = a.name;
    b = a.name;
    b = a.name;
    b = a.name;
    b = a.name;
    b = a.name;
    b = a.name;
    b = a.name;
    b = a.name;
    b = a.name;
    b = a.name;
    b = a.name;
    b = a.name;
    b = a.name;
    b = a.name;
    b = a.name;
    b = a.name;
    b = a.name;
    b = a.name;
    b = a.name;
    b = a.name;
    b = a.name;
    b = a.name;
    b = a.name;
    b = a.name;
    b = a.name;
    b = a.name;
    b = a.name;
    b = a.name;
    b = a.name;
    b = a.name;
    b = a.name;
    b = a.name;
    b = a.name;
    b = a.name;
    b = a.name;
    b = a.name;
    b = a.name;
    b = a.name;
    b = a.name;
    b = a.name;
    b = a.name;
    b = a.name;
    b = a.name;
    b = a.name;
    b = a.name;
    b = a.name;
    b = a.name;
    b = a.name;
    b = a.name;
    b = a.name;
    b = a.name;
    return a.name;
  }
  f({name : \"test\"})
"
frame size: 1
parameter count: 2
bytecode array length: 915
bytecodes: [
  /*   10 E> */ B(StackCheck),
  /*   27 S> */ B(Nop),
  /*   33 E> */ B(LdaNamedProperty), R(arg0), U8(0), U8(4),
                B(Star), R(0),
  /*   41 S> */ B(Nop),
  /*   47 E> */ B(LdaNamedProperty), R(arg0), U8(0), U8(6),
                B(Star), R(0),
  /*   55 S> */ B(Nop),
  /*   61 E> */ B(LdaNamedProperty), R(arg0), U8(0), U8(8),
                B(Star), R(0),
  /*   69 S> */ B(Nop),
  /*   75 E> */ B(LdaNamedProperty), R(arg0), U8(0), U8(10),
                B(Star), R(0),
  /*   83 S> */ B(Nop),
  /*   89 E> */ B(LdaNamedProperty), R(arg0), U8(0), U8(12),
                B(Star), R(0),
  /*   97 S> */ B(Nop),
  /*  103 E> */ B(LdaNamedProperty), R(arg0), U8(0), U8(14),
                B(Star), R(0),
  /*  111 S> */ B(Nop),
  /*  117 E> */ B(LdaNamedProperty), R(arg0), U8(0), U8(16),
                B(Star), R(0),
  /*  125 S> */ B(Nop),
  /*  131 E> */ B(LdaNamedProperty), R(arg0), U8(0), U8(18),
                B(Star), R(0),
  /*  139 S> */ B(Nop),
  /*  145 E> */ B(LdaNamedProperty), R(arg0), U8(0), U8(20),
                B(Star), R(0),
  /*  153 S> */ B(Nop),
  /*  159 E> */ B(LdaNamedProperty), R(arg0), U8(0), U8(22),
                B(Star), R(0),
  /*  167 S> */ B(Nop),
  /*  173 E> */ B(LdaNamedProperty), R(arg0), U8(0), U8(24),
                B(Star), R(0),
  /*  181 S> */ B(Nop),
  /*  187 E> */ B(LdaNamedProperty), R(arg0), U8(0), U8(26),
                B(Star), R(0),
  /*  195 S> */ B(Nop),
  /*  201 E> */ B(LdaNamedProperty), R(arg0), U8(0), U8(28),
                B(Star), R(0),
  /*  209 S> */ B(Nop),
  /*  215 E> */ B(LdaNamedProperty), R(arg0), U8(0), U8(30),
                B(Star), R(0),
  /*  223 S> */ B(Nop),
  /*  229 E> */ B(LdaNamedProperty), R(arg0), U8(0), U8(32),
                B(Star), R(0),
  /*  237 S> */ B(Nop),
  /*  243 E> */ B(LdaNamedProperty), R(arg0), U8(0), U8(34),
                B(Star), R(0),
  /*  251 S> */ B(Nop),
  /*  257 E> */ B(LdaNamedProperty), R(arg0), U8(0), U8(36),
                B(Star), R(0),
  /*  265 S> */ B(Nop),
  /*  271 E> */ B(LdaNamedProperty), R(arg0), U8(0), U8(38),
                B(Star), R(0),
  /*  279 S> */ B(Nop),
  /*  285 E> */ B(LdaNamedProperty), R(arg0), U8(0), U8(40),
                B(Star), R(0),
  /*  293 S> */ B(Nop),
  /*  299 E> */ B(LdaNamedProperty), R(arg0), U8(0), U8(42),
                B(Star), R(0),
  /*  307 S> */ B(Nop),
  /*  313 E> */ B(LdaNamedProperty), R(arg0), U8(0), U8(44),
                B(Star), R(0),
  /*  321 S> */ B(Nop),
  /*  327 E> */ B(LdaNamedProperty), R(arg0), U8(0), U8(46),
                B(Star), R(0),
  /*  335 S> */ B(Nop),
  /*  341 E> */ B(LdaNamedProperty), R(arg0), U8(0), U8(48),
                B(Star), R(0),
  /*  349 S> */ B(Nop),
  /*  355 E> */ B(LdaNamedProperty), R(arg0), U8(0), U8(50),
                B(Star), R(0),
  /*  363 S> */ B(Nop),
  /*  369 E> */ B(LdaNamedProperty), R(arg0), U8(0), U8(52),
                B(Star), R(0),
  /*  377 S> */ B(Nop),
  /*  383 E> */ B(LdaNamedProperty), R(arg0), U8(0), U8(54),
                B(Star), R(0),
  /*  391 S> */ B(Nop),
  /*  397 E> */ B(LdaNamedProperty), R(arg0), U8(0), U8(56),
                B(Star), R(0),
  /*  405 S> */ B(Nop),
  /*  411 E> */ B(LdaNamedProperty), R(arg0), U8(0), U8(58),
                B(Star), R(0),
  /*  419 S> */ B(Nop),
  /*  425 E> */ B(LdaNamedProperty), R(arg0), U8(0), U8(60),
                B(Star), R(0),
  /*  433 S> */ B(Nop),
  /*  439 E> */ B(LdaNamedProperty), R(arg0), U8(0), U8(62),
                B(Star), R(0),
  /*  447 S> */ B(Nop),
  /*  453 E> */ B(LdaNamedProperty), R(arg0), U8(0), U8(64),
                B(Star), R(0),
  /*  461 S> */ B(Nop),
  /*  467 E> */ B(LdaNamedProperty), R(arg0), U8(0), U8(66),
                B(Star), R(0),
  /*  475 S> */ B(Nop),
  /*  481 E> */ B(LdaNamedProperty), R(arg0), U8(0), U8(68),
                B(Star), R(0),
  /*  489 S> */ B(Nop),
  /*  495 E> */ B(LdaNamedProperty), R(arg0), U8(0), U8(70),
                B(Star), R(0),
  /*  503 S> */ B(Nop),
  /*  509 E> */ B(LdaNamedProperty), R(arg0), U8(0), U8(72),
                B(Star), R(0),
  /*  517 S> */ B(Nop),
  /*  523 E> */ B(LdaNamedProperty), R(arg0), U8(0), U8(74),
                B(Star), R(0),
  /*  531 S> */ B(Nop),
  /*  537 E> */ B(LdaNamedProperty), R(arg0), U8(0), U8(76),
                B(Star), R(0),
  /*  545 S> */ B(Nop),
  /*  551 E> */ B(LdaNamedProperty), R(arg0), U8(0), U8(78),
                B(Star), R(0),
  /*  559 S> */ B(Nop),
  /*  565 E> */ B(LdaNamedProperty), R(arg0), U8(0), U8(80),
                B(Star), R(0),
  /*  573 S> */ B(Nop),
  /*  579 E> */ B(LdaNamedProperty), R(arg0), U8(0), U8(82),
                B(Star), R(0),
  /*  587 S> */ B(Nop),
  /*  593 E> */ B(LdaNamedProperty), R(arg0), U8(0), U8(84),
                B(Star), R(0),
  /*  601 S> */ B(Nop),
  /*  607 E> */ B(LdaNamedProperty), R(arg0), U8(0), U8(86),
                B(Star), R(0),
  /*  615 S> */ B(Nop),
  /*  621 E> */ B(LdaNamedProperty), R(arg0), U8(0), U8(88),
                B(Star), R(0),
  /*  629 S> */ B(Nop),
  /*  635 E> */ B(LdaNamedProperty), R(arg0), U8(0), U8(90),
                B(Star), R(0),
  /*  643 S> */ B(Nop),
  /*  649 E> */ B(LdaNamedProperty), R(arg0), U8(0), U8(92),
                B(Star), R(0),
  /*  657 S> */ B(Nop),
  /*  663 E> */ B(LdaNamedProperty), R(arg0), U8(0), U8(94),
                B(Star), R(0),
  /*  671 S> */ B(Nop),
  /*  677 E> */ B(LdaNamedProperty), R(arg0), U8(0), U8(96),
                B(Star), R(0),
  /*  685 S> */ B(Nop),
  /*  691 E> */ B(LdaNamedProperty), R(arg0), U8(0), U8(98),
                B(Star), R(0),
  /*  699 S> */ B(Nop),
  /*  705 E> */ B(LdaNamedProperty), R(arg0), U8(0), U8(100),
                B(Star), R(0),
  /*  713 S> */ B(Nop),
  /*  719 E> */ B(LdaNamedProperty), R(arg0), U8(0), U8(102),
                B(Star), R(0),
  /*  727 S> */ B(Nop),
  /*  733 E> */ B(LdaNamedProperty), R(arg0), U8(0), U8(104),
                B(Star), R(0),
  /*  741 S> */ B(Nop),
  /*  747 E> */ B(LdaNamedProperty), R(arg0), U8(0), U8(106),
                B(Star), R(0),
  /*  755 S> */ B(Nop),
  /*  761 E> */ B(LdaNamedProperty), R(arg0), U8(0), U8(108),
                B(Star), R(0),
  /*  769 S> */ B(Nop),
  /*  775 E> */ B(LdaNamedProperty), R(arg0), U8(0), U8(110),
                B(Star), R(0),
  /*  783 S> */ B(Nop),
  /*  789 E> */ B(LdaNamedProperty), R(arg0), U8(0), U8(112),
                B(Star), R(0),
  /*  797 S> */ B(Nop),
  /*  803 E> */ B(LdaNamedProperty), R(arg0), U8(0), U8(114),
                B(Star), R(0),
  /*  811 S> */ B(Nop),
  /*  817 E> */ B(LdaNamedProperty), R(arg0), U8(0), U8(116),
                B(Star), R(0),
  /*  825 S> */ B(Nop),
  /*  831 E> */ B(LdaNamedProperty), R(arg0), U8(0), U8(118),
                B(Star), R(0),
  /*  839 S> */ B(Nop),
  /*  845 E> */ B(LdaNamedProperty), R(arg0), U8(0), U8(120),
                B(Star), R(0),
  /*  853 S> */ B(Nop),
  /*  859 E> */ B(LdaNamedProperty), R(arg0), U8(0), U8(122),
                B(Star), R(0),
  /*  867 S> */ B(Nop),
  /*  873 E> */ B(LdaNamedProperty), R(arg0), U8(0), U8(124),
                B(Star), R(0),
  /*  881 S> */ B(Nop),
  /*  887 E> */ B(LdaNamedProperty), R(arg0), U8(0), U8(126),
                B(Star), R(0),
  /*  895 S> */ B(Nop),
  /*  901 E> */ B(LdaNamedProperty), R(arg0), U8(0), U8(128),
                B(Star), R(0),
  /*  909 S> */ B(Nop),
  /*  915 E> */ B(LdaNamedProperty), R(arg0), U8(0), U8(130),
                B(Star), R(0),
  /*  923 S> */ B(Nop),
  /*  929 E> */ B(LdaNamedProperty), R(arg0), U8(0), U8(132),
                B(Star), R(0),
  /*  937 S> */ B(Nop),
  /*  943 E> */ B(LdaNamedProperty), R(arg0), U8(0), U8(134),
                B(Star), R(0),
  /*  951 S> */ B(Nop),
  /*  957 E> */ B(LdaNamedProperty), R(arg0), U8(0), U8(136),
                B(Star), R(0),
  /*  965 S> */ B(Nop),
  /*  971 E> */ B(LdaNamedProperty), R(arg0), U8(0), U8(138),
                B(Star), R(0),
  /*  979 S> */ B(Nop),
  /*  985 E> */ B(LdaNamedProperty), R(arg0), U8(0), U8(140),
                B(Star), R(0),
  /*  993 S> */ B(Nop),
  /*  999 E> */ B(LdaNamedProperty), R(arg0), U8(0), U8(142),
                B(Star), R(0),
  /* 1007 S> */ B(Nop),
  /* 1013 E> */ B(LdaNamedProperty), R(arg0), U8(0), U8(144),
                B(Star), R(0),
  /* 1021 S> */ B(Nop),
  /* 1027 E> */ B(LdaNamedProperty), R(arg0), U8(0), U8(146),
                B(Star), R(0),
  /* 1035 S> */ B(Nop),
  /* 1041 E> */ B(LdaNamedProperty), R(arg0), U8(0), U8(148),
                B(Star), R(0),
  /* 1049 S> */ B(Nop),
  /* 1055 E> */ B(LdaNamedProperty), R(arg0), U8(0), U8(150),
                B(Star), R(0),
  /* 1063 S> */ B(Nop),
  /* 1069 E> */ B(LdaNamedProperty), R(arg0), U8(0), U8(152),
                B(Star), R(0),
  /* 1077 S> */ B(Nop),
  /* 1083 E> */ B(LdaNamedProperty), R(arg0), U8(0), U8(154),
                B(Star), R(0),
  /* 1091 S> */ B(Nop),
  /* 1097 E> */ B(LdaNamedProperty), R(arg0), U8(0), U8(156),
                B(Star), R(0),
  /* 1105 S> */ B(Nop),
  /* 1111 E> */ B(LdaNamedProperty), R(arg0), U8(0), U8(158),
                B(Star), R(0),
  /* 1119 S> */ B(Nop),
  /* 1125 E> */ B(LdaNamedProperty), R(arg0), U8(0), U8(160),
                B(Star), R(0),
  /* 1133 S> */ B(Nop),
  /* 1139 E> */ B(LdaNamedProperty), R(arg0), U8(0), U8(162),
                B(Star), R(0),
  /* 1147 S> */ B(Nop),
  /* 1153 E> */ B(LdaNamedProperty), R(arg0), U8(0), U8(164),
                B(Star), R(0),
  /* 1161 S> */ B(Nop),
  /* 1167 E> */ B(LdaNamedProperty), R(arg0), U8(0), U8(166),
                B(Star), R(0),
  /* 1175 S> */ B(Nop),
  /* 1181 E> */ B(LdaNamedProperty), R(arg0), U8(0), U8(168),
                B(Star), R(0),
  /* 1189 S> */ B(Nop),
  /* 1195 E> */ B(LdaNamedProperty), R(arg0), U8(0), U8(170),
                B(Star), R(0),
  /* 1203 S> */ B(Nop),
  /* 1209 E> */ B(LdaNamedProperty), R(arg0), U8(0), U8(172),
                B(Star), R(0),
  /* 1217 S> */ B(Nop),
  /* 1223 E> */ B(LdaNamedProperty), R(arg0), U8(0), U8(174),
                B(Star), R(0),
  /* 1231 S> */ B(Nop),
  /* 1237 E> */ B(LdaNamedProperty), R(arg0), U8(0), U8(176),
                B(Star), R(0),
  /* 1245 S> */ B(Nop),
  /* 1251 E> */ B(LdaNamedProperty), R(arg0), U8(0), U8(178),
                B(Star), R(0),
  /* 1259 S> */ B(Nop),
  /* 1265 E> */ B(LdaNamedProperty), R(arg0), U8(0), U8(180),
                B(Star), R(0),
  /* 1273 S> */ B(Nop),
  /* 1279 E> */ B(LdaNamedProperty), R(arg0), U8(0), U8(182),
                B(Star), R(0),
  /* 1287 S> */ B(Nop),
  /* 1293 E> */ B(LdaNamedProperty), R(arg0), U8(0), U8(184),
                B(Star), R(0),
  /* 1301 S> */ B(Nop),
  /* 1307 E> */ B(LdaNamedProperty), R(arg0), U8(0), U8(186),
                B(Star), R(0),
  /* 1315 S> */ B(Nop),
  /* 1321 E> */ B(LdaNamedProperty), R(arg0), U8(0), U8(188),
                B(Star), R(0),
  /* 1329 S> */ B(Nop),
  /* 1335 E> */ B(LdaNamedProperty), R(arg0), U8(0), U8(190),
                B(Star), R(0),
  /* 1343 S> */ B(Nop),
  /* 1349 E> */ B(LdaNamedProperty), R(arg0), U8(0), U8(192),
                B(Star), R(0),
  /* 1357 S> */ B(Nop),
  /* 1363 E> */ B(LdaNamedProperty), R(arg0), U8(0), U8(194),
                B(Star), R(0),
  /* 1371 S> */ B(Nop),
  /* 1377 E> */ B(LdaNamedProperty), R(arg0), U8(0), U8(196),
                B(Star), R(0),
  /* 1385 S> */ B(Nop),
  /* 1391 E> */ B(LdaNamedProperty), R(arg0), U8(0), U8(198),
                B(Star), R(0),
  /* 1399 S> */ B(Nop),
  /* 1405 E> */ B(LdaNamedProperty), R(arg0), U8(0), U8(200),
                B(Star), R(0),
  /* 1413 S> */ B(Nop),
  /* 1419 E> */ B(LdaNamedProperty), R(arg0), U8(0), U8(202),
                B(Star), R(0),
  /* 1427 S> */ B(Nop),
  /* 1433 E> */ B(LdaNamedProperty), R(arg0), U8(0), U8(204),
                B(Star), R(0),
  /* 1441 S> */ B(Nop),
  /* 1447 E> */ B(LdaNamedProperty), R(arg0), U8(0), U8(206),
                B(Star), R(0),
  /* 1455 S> */ B(Nop),
  /* 1461 E> */ B(LdaNamedProperty), R(arg0), U8(0), U8(208),
                B(Star), R(0),
  /* 1469 S> */ B(Nop),
  /* 1475 E> */ B(LdaNamedProperty), R(arg0), U8(0), U8(210),
                B(Star), R(0),
  /* 1483 S> */ B(Nop),
  /* 1489 E> */ B(LdaNamedProperty), R(arg0), U8(0), U8(212),
                B(Star), R(0),
  /* 1497 S> */ B(Nop),
  /* 1503 E> */ B(LdaNamedProperty), R(arg0), U8(0), U8(214),
                B(Star), R(0),
  /* 1511 S> */ B(Nop),
  /* 1517 E> */ B(LdaNamedProperty), R(arg0), U8(0), U8(216),
                B(Star), R(0),
  /* 1525 S> */ B(Nop),
  /* 1531 E> */ B(LdaNamedProperty), R(arg0), U8(0), U8(218),
                B(Star), R(0),
  /* 1539 S> */ B(Nop),
  /* 1545 E> */ B(LdaNamedProperty), R(arg0), U8(0), U8(220),
                B(Star), R(0),
  /* 1553 S> */ B(Nop),
  /* 1559 E> */ B(LdaNamedProperty), R(arg0), U8(0), U8(222),
                B(Star), R(0),
  /* 1567 S> */ B(Nop),
  /* 1573 E> */ B(LdaNamedProperty), R(arg0), U8(0), U8(224),
                B(Star), R(0),
  /* 1581 S> */ B(Nop),
  /* 1587 E> */ B(LdaNamedProperty), R(arg0), U8(0), U8(226),
                B(Star), R(0),
  /* 1595 S> */ B(Nop),
  /* 1601 E> */ B(LdaNamedProperty), R(arg0), U8(0), U8(228),
                B(Star), R(0),
  /* 1609 S> */ B(Nop),
  /* 1615 E> */ B(LdaNamedProperty), R(arg0), U8(0), U8(230),
                B(Star), R(0),
  /* 1623 S> */ B(Nop),
  /* 1629 E> */ B(LdaNamedProperty), R(arg0), U8(0), U8(232),
                B(Star), R(0),
  /* 1637 S> */ B(Nop),
  /* 1643 E> */ B(LdaNamedProperty), R(arg0), U8(0), U8(234),
                B(Star), R(0),
  /* 1651 S> */ B(Nop),
  /* 1657 E> */ B(LdaNamedProperty), R(arg0), U8(0), U8(236),
                B(Star), R(0),
  /* 1665 S> */ B(Nop),
  /* 1671 E> */ B(LdaNamedProperty), R(arg0), U8(0), U8(238),
                B(Star), R(0),
  /* 1679 S> */ B(Nop),
  /* 1685 E> */ B(LdaNamedProperty), R(arg0), U8(0), U8(240),
                B(Star), R(0),
  /* 1693 S> */ B(Nop),
  /* 1699 E> */ B(LdaNamedProperty), R(arg0), U8(0), U8(242),
                B(Star), R(0),
  /* 1707 S> */ B(Nop),
  /* 1713 E> */ B(LdaNamedProperty), R(arg0), U8(0), U8(244),
                B(Star), R(0),
  /* 1721 S> */ B(Nop),
  /* 1727 E> */ B(LdaNamedProperty), R(arg0), U8(0), U8(246),
                B(Star), R(0),
  /* 1735 S> */ B(Nop),
  /* 1741 E> */ B(LdaNamedProperty), R(arg0), U8(0), U8(248),
                B(Star), R(0),
  /* 1749 S> */ B(Nop),
  /* 1755 E> */ B(LdaNamedProperty), R(arg0), U8(0), U8(250),
                B(Star), R(0),
  /* 1763 S> */ B(Nop),
  /* 1769 E> */ B(LdaNamedProperty), R(arg0), U8(0), U8(252),
                B(Star), R(0),
  /* 1777 S> */ B(Nop),
  /* 1783 E> */ B(LdaNamedProperty), R(arg0), U8(0), U8(254),
                B(Star), R(0),
  /* 1791 S> */ B(Nop),
  /* 1797 E> */ B(Wide), B(LdaNamedProperty), R16(arg0), U16(0), U16(256),
                B(Star), R(0),
  /* 1805 S> */ B(Nop),
  /* 1811 E> */ B(Wide), B(LdaNamedProperty), R16(arg0), U16(0), U16(258),
                B(Star), R(0),
  /* 1819 S> */ B(Nop),
  /* 1828 E> */ B(Wide), B(LdaNamedProperty), R16(arg0), U16(0), U16(260),
  /* 1834 S> */ B(Return),
]
constant pool: [
  ONE_BYTE_INTERNALIZED_STRING_TYPE ["name"],
]
handlers: [
]

---
snippet: "
  function f(a, b) {
    var c;
    c = a[b];
    c = a[b];
    c = a[b];
    c = a[b];
    c = a[b];
    c = a[b];
    c = a[b];
    c = a[b];
    c = a[b];
    c = a[b];
    c = a[b];
    c = a[b];
    c = a[b];
    c = a[b];
    c = a[b];
    c = a[b];
    c = a[b];
    c = a[b];
    c = a[b];
    c = a[b];
    c = a[b];
    c = a[b];
    c = a[b];
    c = a[b];
    c = a[b];
    c = a[b];
    c = a[b];
    c = a[b];
    c = a[b];
    c = a[b];
    c = a[b];
    c = a[b];
    c = a[b];
    c = a[b];
    c = a[b];
    c = a[b];
    c = a[b];
    c = a[b];
    c = a[b];
    c = a[b];
    c = a[b];
    c = a[b];
    c = a[b];
    c = a[b];
    c = a[b];
    c = a[b];
    c = a[b];
    c = a[b];
    c = a[b];
    c = a[b];
    c = a[b];
    c = a[b];
    c = a[b];
    c = a[b];
    c = a[b];
    c = a[b];
    c = a[b];
    c = a[b];
    c = a[b];
    c = a[b];
    c = a[b];
    c = a[b];
    c = a[b];
    c = a[b];
    c = a[b];
    c = a[b];
    c = a[b];
    c = a[b];
    c = a[b];
    c = a[b];
    c = a[b];
    c = a[b];
    c = a[b];
    c = a[b];
    c = a[b];
    c = a[b];
    c = a[b];
    c = a[b];
    c = a[b];
    c = a[b];
    c = a[b];
    c = a[b];
    c = a[b];
    c = a[b];
    c = a[b];
    c = a[b];
    c = a[b];
    c = a[b];
    c = a[b];
    c = a[b];
    c = a[b];
    c = a[b];
    c = a[b];
    c = a[b];
    c = a[b];
    c = a[b];
    c = a[b];
    c = a[b];
    c = a[b];
    c = a[b];
    c = a[b];
    c = a[b];
    c = a[b];
    c = a[b];
    c = a[b];
    c = a[b];
    c = a[b];
    c = a[b];
    c = a[b];
    c = a[b];
    c = a[b];
    c = a[b];
    c = a[b];
    c = a[b];
    c = a[b];
    c = a[b];
    c = a[b];
    c = a[b];
    c = a[b];
    c = a[b];
    c = a[b];
    c = a[b];
    c = a[b];
    c = a[b];
    c = a[b];
    c = a[b];
    c = a[b];
    c = a[b];
    return a[b];
  }
  f({name : \"test\"}, \"name\")
"
frame size: 1
parameter count: 3
bytecode array length: 912
bytecodes: [
  /*   10 E> */ B(StackCheck),
  /*   30 S> */ B(Ldar), R(arg1),
  /*   36 E> */ B(LdaKeyedProperty), R(arg0), U8(4),
                B(Star), R(0),
  /*   42 S> */ B(Ldar), R(arg1),
  /*   48 E> */ B(LdaKeyedProperty), R(arg0), U8(6),
                B(Star), R(0),
  /*   54 S> */ B(Ldar), R(arg1),
  /*   60 E> */ B(LdaKeyedProperty), R(arg0), U8(8),
                B(Star), R(0),
  /*   66 S> */ B(Ldar), R(arg1),
  /*   72 E> */ B(LdaKeyedProperty), R(arg0), U8(10),
                B(Star), R(0),
  /*   78 S> */ B(Ldar), R(arg1),
  /*   84 E> */ B(LdaKeyedProperty), R(arg0), U8(12),
                B(Star), R(0),
  /*   90 S> */ B(Ldar), R(arg1),
  /*   96 E> */ B(LdaKeyedProperty), R(arg0), U8(14),
                B(Star), R(0),
  /*  102 S> */ B(Ldar), R(arg1),
  /*  108 E> */ B(LdaKeyedProperty), R(arg0), U8(16),
                B(Star), R(0),
  /*  114 S> */ B(Ldar), R(arg1),
  /*  120 E> */ B(LdaKeyedProperty), R(arg0), U8(18),
                B(Star), R(0),
  /*  126 S> */ B(Ldar), R(arg1),
  /*  132 E> */ B(LdaKeyedProperty), R(arg0), U8(20),
                B(Star), R(0),
  /*  138 S> */ B(Ldar), R(arg1),
  /*  144 E> */ B(LdaKeyedProperty), R(arg0), U8(22),
                B(Star), R(0),
  /*  150 S> */ B(Ldar), R(arg1),
  /*  156 E> */ B(LdaKeyedProperty), R(arg0), U8(24),
                B(Star), R(0),
  /*  162 S> */ B(Ldar), R(arg1),
  /*  168 E> */ B(LdaKeyedProperty), R(arg0), U8(26),
                B(Star), R(0),
  /*  174 S> */ B(Ldar), R(arg1),
  /*  180 E> */ B(LdaKeyedProperty), R(arg0), U8(28),
                B(Star), R(0),
  /*  186 S> */ B(Ldar), R(arg1),
  /*  192 E> */ B(LdaKeyedProperty), R(arg0), U8(30),
                B(Star), R(0),
  /*  198 S> */ B(Ldar), R(arg1),
  /*  204 E> */ B(LdaKeyedProperty), R(arg0), U8(32),
                B(Star), R(0),
  /*  210 S> */ B(Ldar), R(arg1),
  /*  216 E> */ B(LdaKeyedProperty), R(arg0), U8(34),
                B(Star), R(0),
  /*  222 S> */ B(Ldar), R(arg1),
  /*  228 E> */ B(LdaKeyedProperty), R(arg0), U8(36),
                B(Star), R(0),
  /*  234 S> */ B(Ldar), R(arg1),
  /*  240 E> */ B(LdaKeyedProperty), R(arg0), U8(38),
                B(Star), R(0),
  /*  246 S> */ B(Ldar), R(arg1),
  /*  252 E> */ B(LdaKeyedProperty), R(arg0), U8(40),
                B(Star), R(0),
  /*  258 S> */ B(Ldar), R(arg1),
  /*  264 E> */ B(LdaKeyedProperty), R(arg0), U8(42),
                B(Star), R(0),
  /*  270 S> */ B(Ldar), R(arg1),
  /*  276 E> */ B(LdaKeyedProperty), R(arg0), U8(44),
                B(Star), R(0),
  /*  282 S> */ B(Ldar), R(arg1),
  /*  288 E> */ B(LdaKeyedProperty), R(arg0), U8(46),
                B(Star), R(0),
  /*  294 S> */ B(Ldar), R(arg1),
  /*  300 E> */ B(LdaKeyedProperty), R(arg0), U8(48),
                B(Star), R(0),
  /*  306 S> */ B(Ldar), R(arg1),
  /*  312 E> */ B(LdaKeyedProperty), R(arg0), U8(50),
                B(Star), R(0),
  /*  318 S> */ B(Ldar), R(arg1),
  /*  324 E> */ B(LdaKeyedProperty), R(arg0), U8(52),
                B(Star), R(0),
  /*  330 S> */ B(Ldar), R(arg1),
  /*  336 E> */ B(LdaKeyedProperty), R(arg0), U8(54),
                B(Star), R(0),
  /*  342 S> */ B(Ldar), R(arg1),
  /*  348 E> */ B(LdaKeyedProperty), R(arg0), U8(56),
                B(Star), R(0),
  /*  354 S> */ B(Ldar), R(arg1),
  /*  360 E> */ B(LdaKeyedProperty), R(arg0), U8(58),
                B(Star), R(0),
  /*  366 S> */ B(Ldar), R(arg1),
  /*  372 E> */ B(LdaKeyedProperty), R(arg0), U8(60),
                B(Star), R(0),
  /*  378 S> */ B(Ldar), R(arg1),
  /*  384 E> */ B(LdaKeyedProperty), R(arg0), U8(62),
                B(Star), R(0),
  /*  390 S> */ B(Ldar), R(arg1),
  /*  396 E> */ B(LdaKeyedProperty), R(arg0), U8(64),
                B(Star), R(0),
  /*  402 S> */ B(Ldar), R(arg1),
  /*  408 E> */ B(LdaKeyedProperty), R(arg0), U8(66),
                B(Star), R(0),
  /*  414 S> */ B(Ldar), R(arg1),
  /*  420 E> */ B(LdaKeyedProperty), R(arg0), U8(68),
                B(Star), R(0),
  /*  426 S> */ B(Ldar), R(arg1),
  /*  432 E> */ B(LdaKeyedProperty), R(arg0), U8(70),
                B(Star), R(0),
  /*  438 S> */ B(Ldar), R(arg1),
  /*  444 E> */ B(LdaKeyedProperty), R(arg0), U8(72),
                B(Star), R(0),
  /*  450 S> */ B(Ldar), R(arg1),
  /*  456 E> */ B(LdaKeyedProperty), R(arg0), U8(74),
                B(Star), R(0),
  /*  462 S> */ B(Ldar), R(arg1),
  /*  468 E> */ B(LdaKeyedProperty), R(arg0), U8(76),
                B(Star), R(0),
  /*  474 S> */ B(Ldar), R(arg1),
  /*  480 E> */ B(LdaKeyedProperty), R(arg0), U8(78),
                B(Star), R(0),
  /*  486 S> */ B(Ldar), R(arg1),
  /*  492 E> */ B(LdaKeyedProperty), R(arg0), U8(80),
                B(Star), R(0),
  /*  498 S> */ B(Ldar), R(arg1),
  /*  504 E> */ B(LdaKeyedProperty), R(arg0), U8(82),
                B(Star), R(0),
  /*  510 S> */ B(Ldar), R(arg1),
  /*  516 E> */ B(LdaKeyedProperty), R(arg0), U8(84),
                B(Star), R(0),
  /*  522 S> */ B(Ldar), R(arg1),
  /*  528 E> */ B(LdaKeyedProperty), R(arg0), U8(86),
                B(Star), R(0),
  /*  534 S> */ B(Ldar), R(arg1),
  /*  540 E> */ B(LdaKeyedProperty), R(arg0), U8(88),
                B(Star), R(0),
  /*  546 S> */ B(Ldar), R(arg1),
  /*  552 E> */ B(LdaKeyedProperty), R(arg0), U8(90),
                B(Star), R(0),
  /*  558 S> */ B(Ldar), R(arg1),
  /*  564 E> */ B(LdaKeyedProperty), R(arg0), U8(92),
                B(Star), R(0),
  /*  570 S> */ B(Ldar), R(arg1),
  /*  576 E> */ B(LdaKeyedProperty), R(arg0), U8(94),
                B(Star), R(0),
  /*  582 S> */ B(Ldar), R(arg1),
  /*  588 E> */ B(LdaKeyedProperty), R(arg0), U8(96),
                B(Star), R(0),
  /*  594 S> */ B(Ldar), R(arg1),
  /*  600 E> */ B(LdaKeyedProperty), R(arg0), U8(98),
                B(Star), R(0),
  /*  606 S> */ B(Ldar), R(arg1),
  /*  612 E> */ B(LdaKeyedProperty), R(arg0), U8(100),
                B(Star), R(0),
  /*  618 S> */ B(Ldar), R(arg1),
  /*  624 E> */ B(LdaKeyedProperty), R(arg0), U8(102),
                B(Star), R(0),
  /*  630 S> */ B(Ldar), R(arg1),
  /*  636 E> */ B(LdaKeyedProperty), R(arg0), U8(104),
                B(Star), R(0),
  /*  642 S> */ B(Ldar), R(arg1),
  /*  648 E> */ B(LdaKeyedProperty), R(arg0), U8(106),
                B(Star), R(0),
  /*  654 S> */ B(Ldar), R(arg1),
  /*  660 E> */ B(LdaKeyedProperty), R(arg0), U8(108),
                B(Star), R(0),
  /*  666 S> */ B(Ldar), R(arg1),
  /*  672 E> */ B(LdaKeyedProperty), R(arg0), U8(110),
                B(Star), R(0),
  /*  678 S> */ B(Ldar), R(arg1),
  /*  684 E> */ B(LdaKeyedProperty), R(arg0), U8(112),
                B(Star), R(0),
  /*  690 S> */ B(Ldar), R(arg1),
  /*  696 E> */ B(LdaKeyedProperty), R(arg0), U8(114),
                B(Star), R(0),
  /*  702 S> */ B(Ldar), R(arg1),
  /*  708 E> */ B(LdaKeyedProperty), R(arg0), U8(116),
                B(Star), R(0),
  /*  714 S> */ B(Ldar), R(arg1),
  /*  720 E> */ B(LdaKeyedProperty), R(arg0), U8(118),
                B(Star), R(0),
  /*  726 S> */ B(Ldar), R(arg1),
  /*  732 E> */ B(LdaKeyedProperty), R(arg0), U8(120),
                B(Star), R(0),
  /*  738 S> */ B(Ldar), R(arg1),
  /*  744 E> */ B(LdaKeyedProperty), R(arg0), U8(122),
                B(Star), R(0),
  /*  750 S> */ B(Ldar), R(arg1),
  /*  756 E> */ B(LdaKeyedProperty), R(arg0), U8(124),
                B(Star), R(0),
  /*  762 S> */ B(Ldar), R(arg1),
  /*  768 E> */ B(LdaKeyedProperty), R(arg0), U8(126),
                B(Star), R(0),
  /*  774 S> */ B(Ldar), R(arg1),
  /*  780 E> */ B(LdaKeyedProperty), R(arg0), U8(128),
                B(Star), R(0),
  /*  786 S> */ B(Ldar), R(arg1),
  /*  792 E> */ B(LdaKeyedProperty), R(arg0), U8(130),
                B(Star), R(0),
  /*  798 S> */ B(Ldar), R(arg1),
  /*  804 E> */ B(LdaKeyedProperty), R(arg0), U8(132),
                B(Star), R(0),
  /*  810 S> */ B(Ldar), R(arg1),
  /*  816 E> */ B(LdaKeyedProperty), R(arg0), U8(134),
                B(Star), R(0),
  /*  822 S> */ B(Ldar), R(arg1),
  /*  828 E> */ B(LdaKeyedProperty), R(arg0), U8(136),
                B(Star), R(0),
  /*  834 S> */ B(Ldar), R(arg1),
  /*  840 E> */ B(LdaKeyedProperty), R(arg0), U8(138),
                B(Star), R(0),
  /*  846 S> */ B(Ldar), R(arg1),
  /*  852 E> */ B(LdaKeyedProperty), R(arg0), U8(140),
                B(Star), R(0),
  /*  858 S> */ B(Ldar), R(arg1),
  /*  864 E> */ B(LdaKeyedProperty), R(arg0), U8(142),
                B(Star), R(0),
  /*  870 S> */ B(Ldar), R(arg1),
  /*  876 E> */ B(LdaKeyedProperty), R(arg0), U8(144),
                B(Star), R(0),
  /*  882 S> */ B(Ldar), R(arg1),
  /*  888 E> */ B(LdaKeyedProperty), R(arg0), U8(146),
                B(Star), R(0),
  /*  894 S> */ B(Ldar), R(arg1),
  /*  900 E> */ B(LdaKeyedProperty), R(arg0), U8(148),
                B(Star), R(0),
  /*  906 S> */ B(Ldar), R(arg1),
  /*  912 E> */ B(LdaKeyedProperty), R(arg0), U8(150),
                B(Star), R(0),
  /*  918 S> */ B(Ldar), R(arg1),
  /*  924 E> */ B(LdaKeyedProperty), R(arg0), U8(152),
                B(Star), R(0),
  /*  930 S> */ B(Ldar), R(arg1),
  /*  936 E> */ B(LdaKeyedProperty), R(arg0), U8(154),
                B(Star), R(0),
  /*  942 S> */ B(Ldar), R(arg1),
  /*  948 E> */ B(LdaKeyedProperty), R(arg0), U8(156),
                B(Star), R(0),
  /*  954 S> */ B(Ldar), R(arg1),
  /*  960 E> */ B(LdaKeyedProperty), R(arg0), U8(158),
                B(Star), R(0),
  /*  966 S> */ B(Ldar), R(arg1),
  /*  972 E> */ B(LdaKeyedProperty), R(arg0), U8(160),
                B(Star), R(0),
  /*  978 S> */ B(Ldar), R(arg1),
  /*  984 E> */ B(LdaKeyedProperty), R(arg0), U8(162),
                B(Star), R(0),
  /*  990 S> */ B(Ldar), R(arg1),
  /*  996 E> */ B(LdaKeyedProperty), R(arg0), U8(164),
                B(Star), R(0),
  /* 1002 S> */ B(Ldar), R(arg1),
  /* 1008 E> */ B(LdaKeyedProperty), R(arg0), U8(166),
                B(Star), R(0),
  /* 1014 S> */ B(Ldar), R(arg1),
  /* 1020 E> */ B(LdaKeyedProperty), R(arg0), U8(168),
                B(Star), R(0),
  /* 1026 S> */ B(Ldar), R(arg1),
  /* 1032 E> */ B(LdaKeyedProperty), R(arg0), U8(170),
                B(Star), R(0),
  /* 1038 S> */ B(Ldar), R(arg1),
  /* 1044 E> */ B(LdaKeyedProperty), R(arg0), U8(172),
                B(Star), R(0),
  /* 1050 S> */ B(Ldar), R(arg1),
  /* 1056 E> */ B(LdaKeyedProperty), R(arg0), U8(174),
                B(Star), R(0),
  /* 1062 S> */ B(Ldar), R(arg1),
  /* 1068 E> */ B(LdaKeyedProperty), R(arg0), U8(176),
                B(Star), R(0),
  /* 1074 S> */ B(Ldar), R(arg1),
  /* 1080 E> */ B(LdaKeyedProperty), R(arg0), U8(178),
                B(Star), R(0),
  /* 1086 S> */ B(Ldar), R(arg1),
  /* 1092 E> */ B(LdaKeyedProperty), R(arg0), U8(180),
                B(Star), R(0),
  /* 1098 S> */ B(Ldar), R(arg1),
  /* 1104 E> */ B(LdaKeyedProperty), R(arg0), U8(182),
                B(Star), R(0),
  /* 1110 S> */ B(Ldar), R(arg1),
  /* 1116 E> */ B(LdaKeyedProperty), R(arg0), U8(184),
                B(Star), R(0),
  /* 1122 S> */ B(Ldar), R(arg1),
  /* 1128 E> */ B(LdaKeyedProperty), R(arg0), U8(186),
                B(Star), R(0),
  /* 1134 S> */ B(Ldar), R(arg1),
  /* 1140 E> */ B(LdaKeyedProperty), R(arg0), U8(188),
                B(Star), R(0),
  /* 1146 S> */ B(Ldar), R(arg1),
  /* 1152 E> */ B(LdaKeyedProperty), R(arg0), U8(190),
                B(Star), R(0),
  /* 1158 S> */ B(Ldar), R(arg1),
  /* 1164 E> */ B(LdaKeyedProperty), R(arg0), U8(192),
                B(Star), R(0),
  /* 1170 S> */ B(Ldar), R(arg1),
  /* 1176 E> */ B(LdaKeyedProperty), R(arg0), U8(194),
                B(Star), R(0),
  /* 1182 S> */ B(Ldar), R(arg1),
  /* 1188 E> */ B(LdaKeyedProperty), R(arg0), U8(196),
                B(Star), R(0),
  /* 1194 S> */ B(Ldar), R(arg1),
  /* 1200 E> */ B(LdaKeyedProperty), R(arg0), U8(198),
                B(Star), R(0),
  /* 1206 S> */ B(Ldar), R(arg1),
  /* 1212 E> */ B(LdaKeyedProperty), R(arg0), U8(200),
                B(Star), R(0),
  /* 1218 S> */ B(Ldar), R(arg1),
  /* 1224 E> */ B(LdaKeyedProperty), R(arg0), U8(202),
                B(Star), R(0),
  /* 1230 S> */ B(Ldar), R(arg1),
  /* 1236 E> */ B(LdaKeyedProperty), R(arg0), U8(204),
                B(Star), R(0),
  /* 1242 S> */ B(Ldar), R(arg1),
  /* 1248 E> */ B(LdaKeyedProperty), R(arg0), U8(206),
                B(Star), R(0),
  /* 1254 S> */ B(Ldar), R(arg1),
  /* 1260 E> */ B(LdaKeyedProperty), R(arg0), U8(208),
                B(Star), R(0),
  /* 1266 S> */ B(Ldar), R(arg1),
  /* 1272 E> */ B(LdaKeyedProperty), R(arg0), U8(210),
                B(Star), R(0),
  /* 1278 S> */ B(Ldar), R(arg1),
  /* 1284 E> */ B(LdaKeyedProperty), R(arg0), U8(212),
                B(Star), R(0),
  /* 1290 S> */ B(Ldar), R(arg1),
  /* 1296 E> */ B(LdaKeyedProperty), R(arg0), U8(214),
                B(Star), R(0),
  /* 1302 S> */ B(Ldar), R(arg1),
  /* 1308 E> */ B(LdaKeyedProperty), R(arg0), U8(216),
                B(Star), R(0),
  /* 1314 S> */ B(Ldar), R(arg1),
  /* 1320 E> */ B(LdaKeyedProperty), R(arg0), U8(218),
                B(Star), R(0),
  /* 1326 S> */ B(Ldar), R(arg1),
  /* 1332 E> */ B(LdaKeyedProperty), R(arg0), U8(220),
                B(Star), R(0),
  /* 1338 S> */ B(Ldar), R(arg1),
  /* 1344 E> */ B(LdaKeyedProperty), R(arg0), U8(222),
                B(Star), R(0),
  /* 1350 S> */ B(Ldar), R(arg1),
  /* 1356 E> */ B(LdaKeyedProperty), R(arg0), U8(224),
                B(Star), R(0),
  /* 1362 S> */ B(Ldar), R(arg1),
  /* 1368 E> */ B(LdaKeyedProperty), R(arg0), U8(226),
                B(Star), R(0),
  /* 1374 S> */ B(Ldar), R(arg1),
  /* 1380 E> */ B(LdaKeyedProperty), R(arg0), U8(228),
                B(Star), R(0),
  /* 1386 S> */ B(Ldar), R(arg1),
  /* 1392 E> */ B(LdaKeyedProperty), R(arg0), U8(230),
                B(Star), R(0),
  /* 1398 S> */ B(Ldar), R(arg1),
  /* 1404 E> */ B(LdaKeyedProperty), R(arg0), U8(232),
                B(Star), R(0),
  /* 1410 S> */ B(Ldar), R(arg1),
  /* 1416 E> */ B(LdaKeyedProperty), R(arg0), U8(234),
                B(Star), R(0),
  /* 1422 S> */ B(Ldar), R(arg1),
  /* 1428 E> */ B(LdaKeyedProperty), R(arg0), U8(236),
                B(Star), R(0),
  /* 1434 S> */ B(Ldar), R(arg1),
  /* 1440 E> */ B(LdaKeyedProperty), R(arg0), U8(238),
                B(Star), R(0),
  /* 1446 S> */ B(Ldar), R(arg1),
  /* 1452 E> */ B(LdaKeyedProperty), R(arg0), U8(240),
                B(Star), R(0),
  /* 1458 S> */ B(Ldar), R(arg1),
  /* 1464 E> */ B(LdaKeyedProperty), R(arg0), U8(242),
                B(Star), R(0),
  /* 1470 S> */ B(Ldar), R(arg1),
  /* 1476 E> */ B(LdaKeyedProperty), R(arg0), U8(244),
                B(Star), R(0),
  /* 1482 S> */ B(Ldar), R(arg1),
  /* 1488 E> */ B(LdaKeyedProperty), R(arg0), U8(246),
                B(Star), R(0),
  /* 1494 S> */ B(Ldar), R(arg1),
  /* 1500 E> */ B(LdaKeyedProperty), R(arg0), U8(248),
                B(Star), R(0),
  /* 1506 S> */ B(Ldar), R(arg1),
  /* 1512 E> */ B(LdaKeyedProperty), R(arg0), U8(250),
                B(Star), R(0),
  /* 1518 S> */ B(Ldar), R(arg1),
  /* 1524 E> */ B(LdaKeyedProperty), R(arg0), U8(252),
                B(Star), R(0),
  /* 1530 S> */ B(Ldar), R(arg1),
  /* 1536 E> */ B(LdaKeyedProperty), R(arg0), U8(254),
                B(Star), R(0),
  /* 1542 S> */ B(Ldar), R(arg1),
  /* 1548 E> */ B(Wide), B(LdaKeyedProperty), R16(arg0), U16(256),
                B(Star), R(0),
  /* 1554 S> */ B(Ldar), R(arg1),
  /* 1560 E> */ B(Wide), B(LdaKeyedProperty), R16(arg0), U16(258),
                B(Star), R(0),
  /* 1566 S> */ B(Ldar), R(arg1),
  /* 1575 E> */ B(Wide), B(LdaKeyedProperty), R16(arg0), U16(260),
  /* 1579 S> */ B(Return),
]
constant pool: [
]
handlers: [
]

