#
# Autogenerated by generate-bytecode-expectations.
#

---
wrap: no
test function name: f

---
snippet: "
  var a = 1;
  function f() { a = 2; }
  f();
"
frame size: 0
parameter count: 1
bytecode array length: 8
bytecodes: [
  /*   21 E> */ B(StackCheck),
  /*   26 S> */ B(LdaSmi), I8(2),
  /*   28 E> */ B(StaGlobalSloppy), U8(0), U8(4),
                B(LdaUndefined),
  /*   33 S> */ B(Return),
]
constant pool: [
  ONE_BYTE_INTERNALIZED_STRING_TYPE ["a"],
]
handlers: [
]

---
snippet: "
  var a = \"test\"; function f(b) { a = b; }
  f(\"global\");
"
frame size: 0
parameter count: 2
bytecode array length: 8
bytecodes: [
  /*   26 E> */ B(StackCheck),
  /*   32 S> */ B(Ldar), R(arg0),
  /*   34 E> */ B(StaGlobalSloppy), U8(0), U8(4),
                B(LdaUndefined),
  /*   39 S> */ B(Return),
]
constant pool: [
  ONE_BYTE_INTERNALIZED_STRING_TYPE ["a"],
]
handlers: [
]

---
snippet: "
  'use strict'; var a = 1;
  function f() { a = 2; }
  f();
"
frame size: 0
parameter count: 1
bytecode array length: 8
bytecodes: [
  /*   35 E> */ B(StackCheck),
  /*   40 S> */ B(LdaSmi), I8(2),
  /*   42 E> */ B(StaGlobalStrict), U8(0), U8(4),
                B(LdaUndefined),
  /*   47 S> */ B(Return),
]
constant pool: [
  ONE_BYTE_INTERNALIZED_STRING_TYPE ["a"],
]
handlers: [
]

---
snippet: "
  a = 1;
  function f() { a = 2; }
  f();
"
frame size: 0
parameter count: 1
bytecode array length: 8
bytecodes: [
  /*   17 E> */ B(StackCheck),
  /*   22 S> */ B(LdaSmi), I8(2),
  /*   24 E> */ B(StaGlobalSloppy), U8(0), U8(4),
                B(LdaUndefined),
  /*   29 S> */ B(Return),
]
constant pool: [
  ONE_BYTE_INTERNALIZED_STRING_TYPE ["a"],
]
handlers: [
]

---
snippet: "
  a = 1;
  function f(b) {
    b.name;
    b.name;
    b.name;
    b.name;
    b.name;
    b.name;
    b.name;
    b.name;
    b.name;
    b.name;
    b.name;
    b.name;
    b.name;
    b.name;
    b.name;
    b.name;
    b.name;
    b.name;
    b.name;
    b.name;
    b.name;
    b.name;
    b.name;
    b.name;
    b.name;
    b.name;
    b.name;
    b.name;
    b.name;
    b.name;
    b.name;
    b.name;
    b.name;
    b.name;
    b.name;
    b.name;
    b.name;
    b.name;
    b.name;
    b.name;
    b.name;
    b.name;
    b.name;
    b.name;
    b.name;
    b.name;
    b.name;
    b.name;
    b.name;
    b.name;
    b.name;
    b.name;
    b.name;
    b.name;
    b.name;
    b.name;
    b.name;
    b.name;
    b.name;
    b.name;
    b.name;
    b.name;
    b.name;
    b.name;
    b.name;
    b.name;
    b.name;
    b.name;
    b.name;
    b.name;
    b.name;
    b.name;
    b.name;
    b.name;
    b.name;
    b.name;
    b.name;
    b.name;
    b.name;
    b.name;
    b.name;
    b.name;
    b.name;
    b.name;
    b.name;
    b.name;
    b.name;
    b.name;
    b.name;
    b.name;
    b.name;
    b.name;
    b.name;
    b.name;
    b.name;
    b.name;
    b.name;
    b.name;
    b.name;
    b.name;
    b.name;
    b.name;
    b.name;
    b.name;
    b.name;
    b.name;
    b.name;
    b.name;
    b.name;
    b.name;
    b.name;
    b.name;
    b.name;
    b.name;
    b.name;
    b.name;
    b.name;
    b.name;
    b.name;
    b.name;
    b.name;
    b.name;
    b.name;
    b.name;
    b.name;
    b.name;
    b.name;
    b.name;
    a = 2;
  }
  f({name: 1});
"
frame size: 0
parameter count: 2
bytecode array length: 659
bytecodes: [
  /*   17 E> */ B(StackCheck),
  /*   25 S> */ B(Nop),
  /*   27 E> */ B(LdaNamedProperty), R(arg0), U8(0), U8(4),
  /*   35 S> */ B(Nop),
  /*   37 E> */ B(LdaNamedProperty), R(arg0), U8(0), U8(6),
  /*   45 S> */ B(Nop),
  /*   47 E> */ B(LdaNamedProperty), R(arg0), U8(0), U8(8),
  /*   55 S> */ B(Nop),
  /*   57 E> */ B(LdaNamedProperty), R(arg0), U8(0), U8(10),
  /*   65 S> */ B(Nop),
  /*   67 E> */ B(LdaNamedProperty), R(arg0), U8(0), U8(12),
  /*   75 S> */ B(Nop),
  /*   77 E> */ B(LdaNamedProperty), R(arg0), U8(0), U8(14),
  /*   85 S> */ B(Nop),
  /*   87 E> */ B(LdaNamedProperty), R(arg0), U8(0), U8(16),
  /*   95 S> */ B(Nop),
  /*   97 E> */ B(LdaNamedProperty), R(arg0), U8(0), U8(18),
  /*  105 S> */ B(Nop),
  /*  107 E> */ B(LdaNamedProperty), R(arg0), U8(0), U8(20),
  /*  115 S> */ B(Nop),
  /*  117 E> */ B(LdaNamedProperty), R(arg0), U8(0), U8(22),
  /*  125 S> */ B(Nop),
  /*  127 E> */ B(LdaNamedProperty), R(arg0), U8(0), U8(24),
  /*  135 S> */ B(Nop),
  /*  137 E> */ B(LdaNamedProperty), R(arg0), U8(0), U8(26),
  /*  145 S> */ B(Nop),
  /*  147 E> */ B(LdaNamedProperty), R(arg0), U8(0), U8(28),
  /*  155 S> */ B(Nop),
  /*  157 E> */ B(LdaNamedProperty), R(arg0), U8(0), U8(30),
  /*  165 S> */ B(Nop),
  /*  167 E> */ B(LdaNamedProperty), R(arg0), U8(0), U8(32),
  /*  175 S> */ B(Nop),
  /*  177 E> */ B(LdaNamedProperty), R(arg0), U8(0), U8(34),
  /*  185 S> */ B(Nop),
  /*  187 E> */ B(LdaNamedProperty), R(arg0), U8(0), U8(36),
  /*  195 S> */ B(Nop),
  /*  197 E> */ B(LdaNamedProperty), R(arg0), U8(0), U8(38),
  /*  205 S> */ B(Nop),
  /*  207 E> */ B(LdaNamedProperty), R(arg0), U8(0), U8(40),
  /*  215 S> */ B(Nop),
  /*  217 E> */ B(LdaNamedProperty), R(arg0), U8(0), U8(42),
  /*  225 S> */ B(Nop),
  /*  227 E> */ B(LdaNamedProperty), R(arg0), U8(0), U8(44),
  /*  235 S> */ B(Nop),
  /*  237 E> */ B(LdaNamedProperty), R(arg0), U8(0), U8(46),
  /*  245 S> */ B(Nop),
  /*  247 E> */ B(LdaNamedProperty), R(arg0), U8(0), U8(48),
  /*  255 S> */ B(Nop),
  /*  257 E> */ B(LdaNamedProperty), R(arg0), U8(0), U8(50),
  /*  265 S> */ B(Nop),
  /*  267 E> */ B(LdaNamedProperty), R(arg0), U8(0), U8(52),
  /*  275 S> */ B(Nop),
  /*  277 E> */ B(LdaNamedProperty), R(arg0), U8(0), U8(54),
  /*  285 S> */ B(Nop),
  /*  287 E> */ B(LdaNamedProperty), R(arg0), U8(0), U8(56),
  /*  295 S> */ B(Nop),
  /*  297 E> */ B(LdaNamedProperty), R(arg0), U8(0), U8(58),
  /*  305 S> */ B(Nop),
  /*  307 E> */ B(LdaNamedProperty), R(arg0), U8(0), U8(60),
  /*  315 S> */ B(Nop),
  /*  317 E> */ B(LdaNamedProperty), R(arg0), U8(0), U8(62),
  /*  325 S> */ B(Nop),
  /*  327 E> */ B(LdaNamedProperty), R(arg0), U8(0), U8(64),
  /*  335 S> */ B(Nop),
  /*  337 E> */ B(LdaNamedProperty), R(arg0), U8(0), U8(66),
  /*  345 S> */ B(Nop),
  /*  347 E> */ B(LdaNamedProperty), R(arg0), U8(0), U8(68),
  /*  355 S> */ B(Nop),
  /*  357 E> */ B(LdaNamedProperty), R(arg0), U8(0), U8(70),
  /*  365 S> */ B(Nop),
  /*  367 E> */ B(LdaNamedProperty), R(arg0), U8(0), U8(72),
  /*  375 S> */ B(Nop),
  /*  377 E> */ B(LdaNamedProperty), R(arg0), U8(0), U8(74),
  /*  385 S> */ B(Nop),
  /*  387 E> */ B(LdaNamedProperty), R(arg0), U8(0), U8(76),
  /*  395 S> */ B(Nop),
  /*  397 E> */ B(LdaNamedProperty), R(arg0), U8(0), U8(78),
  /*  405 S> */ B(Nop),
  /*  407 E> */ B(LdaNamedProperty), R(arg0), U8(0), U8(80),
  /*  415 S> */ B(Nop),
  /*  417 E> */ B(LdaNamedProperty), R(arg0), U8(0), U8(82),
  /*  425 S> */ B(Nop),
  /*  427 E> */ B(LdaNamedProperty), R(arg0), U8(0), U8(84),
  /*  435 S> */ B(Nop),
  /*  437 E> */ B(LdaNamedProperty), R(arg0), U8(0), U8(86),
  /*  445 S> */ B(Nop),
  /*  447 E> */ B(LdaNamedProperty), R(arg0), U8(0), U8(88),
  /*  455 S> */ B(Nop),
  /*  457 E> */ B(LdaNamedProperty), R(arg0), U8(0), U8(90),
  /*  465 S> */ B(Nop),
  /*  467 E> */ B(LdaNamedProperty), R(arg0), U8(0), U8(92),
  /*  475 S> */ B(Nop),
  /*  477 E> */ B(LdaNamedProperty), R(arg0), U8(0), U8(94),
  /*  485 S> */ B(Nop),
  /*  487 E> */ B(LdaNamedProperty), R(arg0), U8(0), U8(96),
  /*  495 S> */ B(Nop),
  /*  497 E> */ B(LdaNamedProperty), R(arg0), U8(0), U8(98),
  /*  505 S> */ B(Nop),
  /*  507 E> */ B(LdaNamedProperty), R(arg0), U8(0), U8(100),
  /*  515 S> */ B(Nop),
  /*  517 E> */ B(LdaNamedProperty), R(arg0), U8(0), U8(102),
  /*  525 S> */ B(Nop),
  /*  527 E> */ B(LdaNamedProperty), R(arg0), U8(0), U8(104),
  /*  535 S> */ B(Nop),
  /*  537 E> */ B(LdaNamedProperty), R(arg0), U8(0), U8(106),
  /*  545 S> */ B(Nop),
  /*  547 E> */ B(LdaNamedProperty), R(arg0), U8(0), U8(108),
  /*  555 S> */ B(Nop),
  /*  557 E> */ B(LdaNamedProperty), R(arg0), U8(0), U8(110),
  /*  565 S> */ B(Nop),
  /*  567 E> */ B(LdaNamedProperty), R(arg0), U8(0), U8(112),
  /*  575 S> */ B(Nop),
  /*  577 E> */ B(LdaNamedProperty), R(arg0), U8(0), U8(114),
  /*  585 S> */ B(Nop),
  /*  587 E> */ B(LdaNamedProperty), R(arg0), U8(0), U8(116),
  /*  595 S> */ B(Nop),
  /*  597 E> */ B(LdaNamedProperty), R(arg0), U8(0), U8(118),
  /*  605 S> */ B(Nop),
  /*  607 E> */ B(LdaNamedProperty), R(arg0), U8(0), U8(120),
  /*  615 S> */ B(Nop),
  /*  617 E> */ B(LdaNamedProperty), R(arg0), U8(0), U8(122),
  /*  625 S> */ B(Nop),
  /*  627 E> */ B(LdaNamedProperty), R(arg0), U8(0), U8(124),
  /*  635 S> */ B(Nop),
  /*  637 E> */ B(LdaNamedProperty), R(arg0), U8(0), U8(126),
  /*  645 S> */ B(Nop),
  /*  647 E> */ B(LdaNamedProperty), R(arg0), U8(0), U8(128),
  /*  655 S> */ B(Nop),
  /*  657 E> */ B(LdaNamedProperty), R(arg0), U8(0), U8(130),
  /*  665 S> */ B(Nop),
  /*  667 E> */ B(LdaNamedProperty), R(arg0), U8(0), U8(132),
  /*  675 S> */ B(Nop),
  /*  677 E> */ B(LdaNamedProperty), R(arg0), U8(0), U8(134),
  /*  685 S> */ B(Nop),
  /*  687 E> */ B(LdaNamedProperty), R(arg0), U8(0), U8(136),
  /*  695 S> */ B(Nop),
  /*  697 E> */ B(LdaNamedProperty), R(arg0), U8(0), U8(138),
  /*  705 S> */ B(Nop),
  /*  707 E> */ B(LdaNamedProperty), R(arg0), U8(0), U8(140),
  /*  715 S> */ B(Nop),
  /*  717 E> */ B(LdaNamedProperty), R(arg0), U8(0), U8(142),
  /*  725 S> */ B(Nop),
  /*  727 E> */ B(LdaNamedProperty), R(arg0), U8(0), U8(144),
  /*  735 S> */ B(Nop),
  /*  737 E> */ B(LdaNamedProperty), R(arg0), U8(0), U8(146),
  /*  745 S> */ B(Nop),
  /*  747 E> */ B(LdaNamedProperty), R(arg0), U8(0), U8(148),
  /*  755 S> */ B(Nop),
  /*  757 E> */ B(LdaNamedProperty), R(arg0), U8(0), U8(150),
  /*  765 S> */ B(Nop),
  /*  767 E> */ B(LdaNamedProperty), R(arg0), U8(0), U8(152),
  /*  775 S> */ B(Nop),
  /*  777 E> */ B(LdaNamedProperty), R(arg0), U8(0), U8(154),
  /*  785 S> */ B(Nop),
  /*  787 E> */ B(LdaNamedProperty), R(arg0), U8(0), U8(156),
  /*  795 S> */ B(Nop),
  /*  797 E> */ B(LdaNamedProperty), R(arg0), U8(0), U8(158),
  /*  805 S> */ B(Nop),
  /*  807 E> */ B(LdaNamedProperty), R(arg0), U8(0), U8(160),
  /*  815 S> */ B(Nop),
  /*  817 E> */ B(LdaNamedProperty), R(arg0), U8(0), U8(162),
  /*  825 S> */ B(Nop),
  /*  827 E> */ B(LdaNamedProperty), R(arg0), U8(0), U8(164),
  /*  835 S> */ B(Nop),
  /*  837 E> */ B(LdaNamedProperty), R(arg0), U8(0), U8(166),
  /*  845 S> */ B(Nop),
  /*  847 E> */ B(LdaNamedProperty), R(arg0), U8(0), U8(168),
  /*  855 S> */ B(Nop),
  /*  857 E> */ B(LdaNamedProperty), R(arg0), U8(0), U8(170),
  /*  865 S> */ B(Nop),
  /*  867 E> */ B(LdaNamedProperty), R(arg0), U8(0), U8(172),
  /*  875 S> */ B(Nop),
  /*  877 E> */ B(LdaNamedProperty), R(arg0), U8(0), U8(174),
  /*  885 S> */ B(Nop),
  /*  887 E> */ B(LdaNamedProperty), R(arg0), U8(0), U8(176),
  /*  895 S> */ B(Nop),
  /*  897 E> */ B(LdaNamedProperty), R(arg0), U8(0), U8(178),
  /*  905 S> */ B(Nop),
  /*  907 E> */ B(LdaNamedProperty), R(arg0), U8(0), U8(180),
  /*  915 S> */ B(Nop),
  /*  917 E> */ B(LdaNamedProperty), R(arg0), U8(0), U8(182),
  /*  925 S> */ B(Nop),
  /*  927 E> */ B(LdaNamedProperty), R(arg0), U8(0), U8(184),
  /*  935 S> */ B(Nop),
  /*  937 E> */ B(LdaNamedProperty), R(arg0), U8(0), U8(186),
  /*  945 S> */ B(Nop),
  /*  947 E> */ B(LdaNamedProperty), R(arg0), U8(0), U8(188),
  /*  955 S> */ B(Nop),
  /*  957 E> */ B(LdaNamedProperty), R(arg0), U8(0), U8(190),
  /*  965 S> */ B(Nop),
  /*  967 E> */ B(LdaNamedProperty), R(arg0), U8(0), U8(192),
  /*  975 S> */ B(Nop),
  /*  977 E> */ B(LdaNamedProperty), R(arg0), U8(0), U8(194),
  /*  985 S> */ B(Nop),
  /*  987 E> */ B(LdaNamedProperty), R(arg0), U8(0), U8(196),
  /*  995 S> */ B(Nop),
  /*  997 E> */ B(LdaNamedProperty), R(arg0), U8(0), U8(198),
  /* 1005 S> */ B(Nop),
  /* 1007 E> */ B(LdaNamedProperty), R(arg0), U8(0), U8(200),
  /* 1015 S> */ B(Nop),
  /* 1017 E> */ B(LdaNamedProperty), R(arg0), U8(0), U8(202),
  /* 1025 S> */ B(Nop),
  /* 1027 E> */ B(LdaNamedProperty), R(arg0), U8(0), U8(204),
  /* 1035 S> */ B(Nop),
  /* 1037 E> */ B(LdaNamedProperty), R(arg0), U8(0), U8(206),
  /* 1045 S> */ B(Nop),
  /* 1047 E> */ B(LdaNamedProperty), R(arg0), U8(0), U8(208),
  /* 1055 S> */ B(Nop),
  /* 1057 E> */ B(LdaNamedProperty), R(arg0), U8(0), U8(210),
  /* 1065 S> */ B(Nop),
  /* 1067 E> */ B(LdaNamedProperty), R(arg0), U8(0), U8(212),
  /* 1075 S> */ B(Nop),
  /* 1077 E> */ B(LdaNamedProperty), R(arg0), U8(0), U8(214),
  /* 1085 S> */ B(Nop),
  /* 1087 E> */ B(LdaNamedProperty), R(arg0), U8(0), U8(216),
  /* 1095 S> */ B(Nop),
  /* 1097 E> */ B(LdaNamedProperty), R(arg0), U8(0), U8(218),
  /* 1105 S> */ B(Nop),
  /* 1107 E> */ B(LdaNamedProperty), R(arg0), U8(0), U8(220),
  /* 1115 S> */ B(Nop),
  /* 1117 E> */ B(LdaNamedProperty), R(arg0), U8(0), U8(222),
  /* 1125 S> */ B(Nop),
  /* 1127 E> */ B(LdaNamedProperty), R(arg0), U8(0), U8(224),
  /* 1135 S> */ B(Nop),
  /* 1137 E> */ B(LdaNamedProperty), R(arg0), U8(0), U8(226),
  /* 1145 S> */ B(Nop),
  /* 1147 E> */ B(LdaNamedProperty), R(arg0), U8(0), U8(228),
  /* 1155 S> */ B(Nop),
  /* 1157 E> */ B(LdaNamedProperty), R(arg0), U8(0), U8(230),
  /* 1165 S> */ B(Nop),
  /* 1167 E> */ B(LdaNamedProperty), R(arg0), U8(0), U8(232),
  /* 1175 S> */ B(Nop),
  /* 1177 E> */ B(LdaNamedProperty), R(arg0), U8(0), U8(234),
  /* 1185 S> */ B(Nop),
  /* 1187 E> */ B(LdaNamedProperty), R(arg0), U8(0), U8(236),
  /* 1195 S> */ B(Nop),
  /* 1197 E> */ B(LdaNamedProperty), R(arg0), U8(0), U8(238),
  /* 1205 S> */ B(Nop),
  /* 1207 E> */ B(LdaNamedProperty), R(arg0), U8(0), U8(240),
  /* 1215 S> */ B(Nop),
  /* 1217 E> */ B(LdaNamedProperty), R(arg0), U8(0), U8(242),
  /* 1225 S> */ B(Nop),
  /* 1227 E> */ B(LdaNamedProperty), R(arg0), U8(0), U8(244),
  /* 1235 S> */ B(Nop),
  /* 1237 E> */ B(LdaNamedProperty), R(arg0), U8(0), U8(246),
  /* 1245 S> */ B(Nop),
  /* 1247 E> */ B(LdaNamedProperty), R(arg0), U8(0), U8(248),
  /* 1255 S> */ B(Nop),
  /* 1257 E> */ B(LdaNamedProperty), R(arg0), U8(0), U8(250),
  /* 1265 S> */ B(Nop),
  /* 1267 E> */ B(LdaNamedProperty), R(arg0), U8(0), U8(252),
  /* 1275 S> */ B(Nop),
  /* 1277 E> */ B(LdaNamedProperty), R(arg0), U8(0), U8(254),
  /* 1285 S> */ B(Nop),
  /* 1287 E> */ B(Wide), B(LdaNamedProperty), R16(arg0), U16(0), U16(256),
  /* 1295 S> */ B(Nop),
  /* 1297 E> */ B(Wide), B(LdaNamedProperty), R16(arg0), U16(0), U16(258),
  /* 1305 S> */ B(LdaSmi), I8(2),
  /* 1307 E> */ B(Wide), B(StaGlobalSloppy), U16(1), U16(260),
                B(LdaUndefined),
  /* 1312 S> */ B(Return),
]
constant pool: [
  ONE_BYTE_INTERNALIZED_STRING_TYPE ["name"],
  ONE_BYTE_INTERNALIZED_STRING_TYPE ["a"],
]
handlers: [
]

---
snippet: "
  a = 1;
  function f(b) {
    'use strict';
    b.name;
    b.name;
    b.name;
    b.name;
    b.name;
    b.name;
    b.name;
    b.name;
    b.name;
    b.name;
    b.name;
    b.name;
    b.name;
    b.name;
    b.name;
    b.name;
    b.name;
    b.name;
    b.name;
    b.name;
    b.name;
    b.name;
    b.name;
    b.name;
    b.name;
    b.name;
    b.name;
    b.name;
    b.name;
    b.name;
    b.name;
    b.name;
    b.name;
    b.name;
    b.name;
    b.name;
    b.name;
    b.name;
    b.name;
    b.name;
    b.name;
    b.name;
    b.name;
    b.name;
    b.name;
    b.name;
    b.name;
    b.name;
    b.name;
    b.name;
    b.name;
    b.name;
    b.name;
    b.name;
    b.name;
    b.name;
    b.name;
    b.name;
    b.name;
    b.name;
    b.name;
    b.name;
    b.name;
    b.name;
    b.name;
    b.name;
    b.name;
    b.name;
    b.name;
    b.name;
    b.name;
    b.name;
    b.name;
    b.name;
    b.name;
    b.name;
    b.name;
    b.name;
    b.name;
    b.name;
    b.name;
    b.name;
    b.name;
    b.name;
    b.name;
    b.name;
    b.name;
    b.name;
    b.name;
    b.name;
    b.name;
    b.name;
    b.name;
    b.name;
    b.name;
    b.name;
    b.name;
    b.name;
    b.name;
    b.name;
    b.name;
    b.name;
    b.name;
    b.name;
    b.name;
    b.name;
    b.name;
    b.name;
    b.name;
    b.name;
    b.name;
    b.name;
    b.name;
    b.name;
    b.name;
    b.name;
    b.name;
    b.name;
    b.name;
    b.name;
    b.name;
    b.name;
    b.name;
    b.name;
    b.name;
    b.name;
    b.name;
    b.name;
    a = 2;
  }
  f({name: 1});
"
frame size: 0
parameter count: 2
bytecode array length: 659
bytecodes: [
  /*   17 E> */ B(StackCheck),
  /*   41 S> */ B(Nop),
  /*   43 E> */ B(LdaNamedProperty), R(arg0), U8(0), U8(4),
  /*   51 S> */ B(Nop),
  /*   53 E> */ B(LdaNamedProperty), R(arg0), U8(0), U8(6),
  /*   61 S> */ B(Nop),
  /*   63 E> */ B(LdaNamedProperty), R(arg0), U8(0), U8(8),
  /*   71 S> */ B(Nop),
  /*   73 E> */ B(LdaNamedProperty), R(arg0), U8(0), U8(10),
  /*   81 S> */ B(Nop),
  /*   83 E> */ B(LdaNamedProperty), R(arg0), U8(0), U8(12),
  /*   91 S> */ B(Nop),
  /*   93 E> */ B(LdaNamedProperty), R(arg0), U8(0), U8(14),
  /*  101 S> */ B(Nop),
  /*  103 E> */ B(LdaNamedProperty), R(arg0), U8(0), U8(16),
  /*  111 S> */ B(Nop),
  /*  113 E> */ B(LdaNamedProperty), R(arg0), U8(0), U8(18),
  /*  121 S> */ B(Nop),
  /*  123 E> */ B(LdaNamedProperty), R(arg0), U8(0), U8(20),
  /*  131 S> */ B(Nop),
  /*  133 E> */ B(LdaNamedProperty), R(arg0), U8(0), U8(22),
  /*  141 S> */ B(Nop),
  /*  143 E> */ B(LdaNamedProperty), R(arg0), U8(0), U8(24),
  /*  151 S> */ B(Nop),
  /*  153 E> */ B(LdaNamedProperty), R(arg0), U8(0), U8(26),
  /*  161 S> */ B(Nop),
  /*  163 E> */ B(LdaNamedProperty), R(arg0), U8(0), U8(28),
  /*  171 S> */ B(Nop),
  /*  173 E> */ B(LdaNamedProperty), R(arg0), U8(0), U8(30),
  /*  181 S> */ B(Nop),
  /*  183 E> */ B(LdaNamedProperty), R(arg0), U8(0), U8(32),
  /*  191 S> */ B(Nop),
  /*  193 E> */ B(LdaNamedProperty), R(arg0), U8(0), U8(34),
  /*  201 S> */ B(Nop),
  /*  203 E> */ B(LdaNamedProperty), R(arg0), U8(0), U8(36),
  /*  211 S> */ B(Nop),
  /*  213 E> */ B(LdaNamedProperty), R(arg0), U8(0), U8(38),
  /*  221 S> */ B(Nop),
  /*  223 E> */ B(LdaNamedProperty), R(arg0), U8(0), U8(40),
  /*  231 S> */ B(Nop),
  /*  233 E> */ B(LdaNamedProperty), R(arg0), U8(0), U8(42),
  /*  241 S> */ B(Nop),
  /*  243 E> */ B(LdaNamedProperty), R(arg0), U8(0), U8(44),
  /*  251 S> */ B(Nop),
  /*  253 E> */ B(LdaNamedProperty), R(arg0), U8(0), U8(46),
  /*  261 S> */ B(Nop),
  /*  263 E> */ B(LdaNamedProperty), R(arg0), U8(0), U8(48),
  /*  271 S> */ B(Nop),
  /*  273 E> */ B(LdaNamedProperty), R(arg0), U8(0), U8(50),
  /*  281 S> */ B(Nop),
  /*  283 E> */ B(LdaNamedProperty), R(arg0), U8(0), U8(52),
  /*  291 S> */ B(Nop),
  /*  293 E> */ B(LdaNamedProperty), R(arg0), U8(0), U8(54),
  /*  301 S> */ B(Nop),
  /*  303 E> */ B(LdaNamedProperty), R(arg0), U8(0), U8(56),
  /*  311 S> */ B(Nop),
  /*  313 E> */ B(LdaNamedProperty), R(arg0), U8(0), U8(58),
  /*  321 S> */ B(Nop),
  /*  323 E> */ B(LdaNamedProperty), R(arg0), U8(0), U8(60),
  /*  331 S> */ B(Nop),
  /*  333 E> */ B(LdaNamedProperty), R(arg0), U8(0), U8(62),
  /*  341 S> */ B(Nop),
  /*  343 E> */ B(LdaNamedProperty), R(arg0), U8(0), U8(64),
  /*  351 S> */ B(Nop),
  /*  353 E> */ B(LdaNamedProperty), R(arg0), U8(0), U8(66),
  /*  361 S> */ B(Nop),
  /*  363 E> */ B(LdaNamedProperty), R(arg0), U8(0), U8(68),
  /*  371 S> */ B(Nop),
  /*  373 E> */ B(LdaNamedProperty), R(arg0), U8(0), U8(70),
  /*  381 S> */ B(Nop),
  /*  383 E> */ B(LdaNamedProperty), R(arg0), U8(0), U8(72),
  /*  391 S> */ B(Nop),
  /*  393 E> */ B(LdaNamedProperty), R(arg0), U8(0), U8(74),
  /*  401 S> */ B(Nop),
  /*  403 E> */ B(LdaNamedProperty), R(arg0), U8(0), U8(76),
  /*  411 S> */ B(Nop),
  /*  413 E> */ B(LdaNamedProperty), R(arg0), U8(0), U8(78),
  /*  421 S> */ B(Nop),
  /*  423 E> */ B(LdaNamedProperty), R(arg0), U8(0), U8(80),
  /*  431 S> */ B(Nop),
  /*  433 E> */ B(LdaNamedProperty), R(arg0), U8(0), U8(82),
  /*  441 S> */ B(Nop),
  /*  443 E> */ B(LdaNamedProperty), R(arg0), U8(0), U8(84),
  /*  451 S> */ B(Nop),
  /*  453 E> */ B(LdaNamedProperty), R(arg0), U8(0), U8(86),
  /*  461 S> */ B(Nop),
  /*  463 E> */ B(LdaNamedProperty), R(arg0), U8(0), U8(88),
  /*  471 S> */ B(Nop),
  /*  473 E> */ B(LdaNamedProperty), R(arg0), U8(0), U8(90),
  /*  481 S> */ B(Nop),
  /*  483 E> */ B(LdaNamedProperty), R(arg0), U8(0), U8(92),
  /*  491 S> */ B(Nop),
  /*  493 E> */ B(LdaNamedProperty), R(arg0), U8(0), U8(94),
  /*  501 S> */ B(Nop),
  /*  503 E> */ B(LdaNamedProperty), R(arg0), U8(0), U8(96),
  /*  511 S> */ B(Nop),
  /*  513 E> */ B(LdaNamedProperty), R(arg0), U8(0), U8(98),
  /*  521 S> */ B(Nop),
  /*  523 E> */ B(LdaNamedProperty), R(arg0), U8(0), U8(100),
  /*  531 S> */ B(Nop),
  /*  533 E> */ B(LdaNamedProperty), R(arg0), U8(0), U8(102),
  /*  541 S> */ B(Nop),
  /*  543 E> */ B(LdaNamedProperty), R(arg0), U8(0), U8(104),
  /*  551 S> */ B(Nop),
  /*  553 E> */ B(LdaNamedProperty), R(arg0), U8(0), U8(106),
  /*  561 S> */ B(Nop),
  /*  563 E> */ B(LdaNamedProperty), R(arg0), U8(0), U8(108),
  /*  571 S> */ B(Nop),
  /*  573 E> */ B(LdaNamedProperty), R(arg0), U8(0), U8(110),
  /*  581 S> */ B(Nop),
  /*  583 E> */ B(LdaNamedProperty), R(arg0), U8(0), U8(112),
  /*  591 S> */ B(Nop),
  /*  593 E> */ B(LdaNamedProperty), R(arg0), U8(0), U8(114),
  /*  601 S> */ B(Nop),
  /*  603 E> */ B(LdaNamedProperty), R(arg0), U8(0), U8(116),
  /*  611 S> */ B(Nop),
  /*  613 E> */ B(LdaNamedProperty), R(arg0), U8(0), U8(118),
  /*  621 S> */ B(Nop),
  /*  623 E> */ B(LdaNamedProperty), R(arg0), U8(0), U8(120),
  /*  631 S> */ B(Nop),
  /*  633 E> */ B(LdaNamedProperty), R(arg0), U8(0), U8(122),
  /*  641 S> */ B(Nop),
  /*  643 E> */ B(LdaNamedProperty), R(arg0), U8(0), U8(124),
  /*  651 S> */ B(Nop),
  /*  653 E> */ B(LdaNamedProperty), R(arg0), U8(0), U8(126),
  /*  661 S> */ B(Nop),
  /*  663 E> */ B(LdaNamedProperty), R(arg0), U8(0), U8(128),
  /*  671 S> */ B(Nop),
  /*  673 E> */ B(LdaNamedProperty), R(arg0), U8(0), U8(130),
  /*  681 S> */ B(Nop),
  /*  683 E> */ B(LdaNamedProperty), R(arg0), U8(0), U8(132),
  /*  691 S> */ B(Nop),
  /*  693 E> */ B(LdaNamedProperty), R(arg0), U8(0), U8(134),
  /*  701 S> */ B(Nop),
  /*  703 E> */ B(LdaNamedProperty), R(arg0), U8(0), U8(136),
  /*  711 S> */ B(Nop),
  /*  713 E> */ B(LdaNamedProperty), R(arg0), U8(0), U8(138),
  /*  721 S> */ B(Nop),
  /*  723 E> */ B(LdaNamedProperty), R(arg0), U8(0), U8(140),
  /*  731 S> */ B(Nop),
  /*  733 E> */ B(LdaNamedProperty), R(arg0), U8(0), U8(142),
  /*  741 S> */ B(Nop),
  /*  743 E> */ B(LdaNamedProperty), R(arg0), U8(0), U8(144),
  /*  751 S> */ B(Nop),
  /*  753 E> */ B(LdaNamedProperty), R(arg0), U8(0), U8(146),
  /*  761 S> */ B(Nop),
  /*  763 E> */ B(LdaNamedProperty), R(arg0), U8(0), U8(148),
  /*  771 S> */ B(Nop),
  /*  773 E> */ B(LdaNamedProperty), R(arg0), U8(0), U8(150),
  /*  781 S> */ B(Nop),
  /*  783 E> */ B(LdaNamedProperty), R(arg0), U8(0), U8(152),
  /*  791 S> */ B(Nop),
  /*  793 E> */ B(LdaNamedProperty), R(arg0), U8(0), U8(154),
  /*  801 S> */ B(Nop),
  /*  803 E> */ B(LdaNamedProperty), R(arg0), U8(0), U8(156),
  /*  811 S> */ B(Nop),
  /*  813 E> */ B(LdaNamedProperty), R(arg0), U8(0), U8(158),
  /*  821 S> */ B(Nop),
  /*  823 E> */ B(LdaNamedProperty), R(arg0), U8(0), U8(160),
  /*  831 S> */ B(Nop),
  /*  833 E> */ B(LdaNamedProperty), R(arg0), U8(0), U8(162),
  /*  841 S> */ B(Nop),
  /*  843 E> */ B(LdaNamedProperty), R(arg0), U8(0), U8(164),
  /*  851 S> */ B(Nop),
  /*  853 E> */ B(LdaNamedProperty), R(arg0), U8(0), U8(166),
  /*  861 S> */ B(Nop),
  /*  863 E> */ B(LdaNamedProperty), R(arg0), U8(0), U8(168),
  /*  871 S> */ B(Nop),
  /*  873 E> */ B(LdaNamedProperty), R(arg0), U8(0), U8(170),
  /*  881 S> */ B(Nop),
  /*  883 E> */ B(LdaNamedProperty), R(arg0), U8(0), U8(172),
  /*  891 S> */ B(Nop),
  /*  893 E> */ B(LdaNamedProperty), R(arg0), U8(0), U8(174),
  /*  901 S> */ B(Nop),
  /*  903 E> */ B(LdaNamedProperty), R(arg0), U8(0), U8(176),
  /*  911 S> */ B(Nop),
  /*  913 E> */ B(LdaNamedProperty), R(arg0), U8(0), U8(178),
  /*  921 S> */ B(Nop),
  /*  923 E> */ B(LdaNamedProperty), R(arg0), U8(0), U8(180),
  /*  931 S> */ B(Nop),
  /*  933 E> */ B(LdaNamedProperty), R(arg0), U8(0), U8(182),
  /*  941 S> */ B(Nop),
  /*  943 E> */ B(LdaNamedProperty), R(arg0), U8(0), U8(184),
  /*  951 S> */ B(Nop),
  /*  953 E> */ B(LdaNamedProperty), R(arg0), U8(0), U8(186),
  /*  961 S> */ B(Nop),
  /*  963 E> */ B(LdaNamedProperty), R(arg0), U8(0), U8(188),
  /*  971 S> */ B(Nop),
  /*  973 E> */ B(LdaNamedProperty), R(arg0), U8(0), U8(190),
  /*  981 S> */ B(Nop),
  /*  983 E> */ B(LdaNamedProperty), R(arg0), U8(0), U8(192),
  /*  991 S> */ B(Nop),
  /*  993 E> */ B(LdaNamedProperty), R(arg0), U8(0), U8(194),
  /* 1001 S> */ B(Nop),
  /* 1003 E> */ B(LdaNamedProperty), R(arg0), U8(0), U8(196),
  /* 1011 S> */ B(Nop),
  /* 1013 E> */ B(LdaNamedProperty), R(arg0), U8(0), U8(198),
  /* 1021 S> */ B(Nop),
  /* 1023 E> */ B(LdaNamedProperty), R(arg0), U8(0), U8(200),
  /* 1031 S> */ B(Nop),
  /* 1033 E> */ B(LdaNamedProperty), R(arg0), U8(0), U8(202),
  /* 1041 S> */ B(Nop),
  /* 1043 E> */ B(LdaNamedProperty), R(arg0), U8(0), U8(204),
  /* 1051 S> */ B(Nop),
  /* 1053 E> */ B(LdaNamedProperty), R(arg0), U8(0), U8(206),
  /* 1061 S> */ B(Nop),
  /* 1063 E> */ B(LdaNamedProperty), R(arg0), U8(0), U8(208),
  /* 1071 S> */ B(Nop),
  /* 1073 E> */ B(LdaNamedProperty), R(arg0), U8(0), U8(210),
  /* 1081 S> */ B(Nop),
  /* 1083 E> */ B(LdaNamedProperty), R(arg0), U8(0), U8(212),
  /* 1091 S> */ B(Nop),
  /* 1093 E> */ B(LdaNamedProperty), R(arg0), U8(0), U8(214),
  /* 1101 S> */ B(Nop),
  /* 1103 E> */ B(LdaNamedProperty), R(arg0), U8(0), U8(216),
  /* 1111 S> */ B(Nop),
  /* 1113 E> */ B(LdaNamedProperty), R(arg0), U8(0), U8(218),
  /* 1121 S> */ B(Nop),
  /* 1123 E> */ B(LdaNamedProperty), R(arg0), U8(0), U8(220),
  /* 1131 S> */ B(Nop),
  /* 1133 E> */ B(LdaNamedProperty), R(arg0), U8(0), U8(222),
  /* 1141 S> */ B(Nop),
  /* 1143 E> */ B(LdaNamedProperty), R(arg0), U8(0), U8(224),
  /* 1151 S> */ B(Nop),
  /* 1153 E> */ B(LdaNamedProperty), R(arg0), U8(0), U8(226),
  /* 1161 S> */ B(Nop),
  /* 1163 E> */ B(LdaNamedProperty), R(arg0), U8(0), U8(228),
  /* 1171 S> */ B(Nop),
  /* 1173 E> */ B(LdaNamedProperty), R(arg0), U8(0), U8(230),
  /* 1181 S> */ B(Nop),
  /* 1183 E> */ B(LdaNamedProperty), R(arg0), U8(0), U8(232),
  /* 1191 S> */ B(Nop),
  /* 1193 E> */ B(LdaNamedProperty), R(arg0), U8(0), U8(234),
  /* 1201 S> */ B(Nop),
  /* 1203 E> */ B(LdaNamedProperty), R(arg0), U8(0), U8(236),
  /* 1211 S> */ B(Nop),
  /* 1213 E> */ B(LdaNamedProperty), R(arg0), U8(0), U8(238),
  /* 1221 S> */ B(Nop),
  /* 1223 E> */ B(LdaNamedProperty), R(arg0), U8(0), U8(240),
  /* 1231 S> */ B(Nop),
  /* 1233 E> */ B(LdaNamedProperty), R(arg0), U8(0), U8(242),
  /* 1241 S> */ B(Nop),
  /* 1243 E> */ B(LdaNamedProperty), R(arg0), U8(0), U8(244),
  /* 1251 S> */ B(Nop),
  /* 1253 E> */ B(LdaNamedProperty), R(arg0), U8(0), U8(246),
  /* 1261 S> */ B(Nop),
  /* 1263 E> */ B(LdaNamedProperty), R(arg0), U8(0), U8(248),
  /* 1271 S> */ B(Nop),
  /* 1273 E> */ B(LdaNamedProperty), R(arg0), U8(0), U8(250),
  /* 1281 S> */ B(Nop),
  /* 1283 E> */ B(LdaNamedProperty), R(arg0), U8(0), U8(252),
  /* 1291 S> */ B(Nop),
  /* 1293 E> */ B(LdaNamedProperty), R(arg0), U8(0), U8(254),
  /* 1301 S> */ B(Nop),
  /* 1303 E> */ B(Wide), B(LdaNamedProperty), R16(arg0), U16(0), U16(256),
  /* 1311 S> */ B(Nop),
  /* 1313 E> */ B(Wide), B(LdaNamedProperty), R16(arg0), U16(0), U16(258),
  /* 1321 S> */ B(LdaSmi), I8(2),
  /* 1323 E> */ B(Wide), B(StaGlobalStrict), U16(1), U16(260),
                B(LdaUndefined),
  /* 1328 S> */ B(Return),
]
constant pool: [
  ONE_BYTE_INTERNALIZED_STRING_TYPE ["name"],
  ONE_BYTE_INTERNALIZED_STRING_TYPE ["a"],
]
handlers: [
]

