#
# Autogenerated by generate-bytecode-expectations.
#

---
wrap: yes

---
snippet: "
  var a = 1;
  var b = 2;
  return a + b + 'string';
"
frame size: 3
parameter count: 1
bytecode array length: 22
bytecodes: [
  /*   30 E> */ B(StackCheck),
  /*   42 S> */ B(LdaSmi), I8(1),
                B(Star), R(0),
  /*   53 S> */ B(LdaSmi), I8(2),
                B(Star), R(1),
  /*   56 S> */ B(Ldar), R(1),
  /*   65 E> */ B(Add), R(0), U8(4),
                B(Star), R(2),
                B(LdaConstant), U8(0),
  /*   69 E> */ B(Add), R(2), U8(5),
  /*   81 S> */ B(Return),
]
constant pool: [
  ONE_BYTE_INTERNALIZED_STRING_TYPE ["string"],
]
handlers: [
]

---
snippet: "
  var a = 1;
  var b = 2;
  return 'string' + a + b;
"
frame size: 5
parameter count: 1
bytecode array length: 27
bytecodes: [
  /*   30 E> */ B(StackCheck),
  /*   42 S> */ B(LdaSmi), I8(1),
                B(Star), R(0),
  /*   53 S> */ B(LdaSmi), I8(2),
                B(Star), R(1),
  /*   56 S> */ B(LdaConstant), U8(0),
                B(Star), R(2),
                B(Ldar), R(0),
  /*   72 E> */ B(ToPrimitiveToString), R(3), U8(4),
                B(Ldar), R(1),
  /*   76 E> */ B(ToPrimitiveToString), R(4), U8(5),
                B(StringConcat), R(2), U8(3),
  /*   81 S> */ B(Return),
]
constant pool: [
  ONE_BYTE_INTERNALIZED_STRING_TYPE ["string"],
]
handlers: [
]

---
snippet: "
  var a = 1;
  var b = 2;
  return a + 'string' + b;
"
frame size: 5
parameter count: 1
bytecode array length: 27
bytecodes: [
  /*   30 E> */ B(StackCheck),
  /*   42 S> */ B(LdaSmi), I8(1),
                B(Star), R(0),
  /*   53 S> */ B(LdaSmi), I8(2),
                B(Star), R(1),
  /*   56 S> */ B(LdaConstant), U8(0),
                B(Star), R(3),
                B(Ldar), R(0),
  /*   65 E> */ B(ToPrimitiveToString), R(2), U8(4),
                B(Ldar), R(1),
  /*   76 E> */ B(ToPrimitiveToString), R(4), U8(5),
                B(StringConcat), R(2), U8(3),
  /*   81 S> */ B(Return),
]
constant pool: [
  ONE_BYTE_INTERNALIZED_STRING_TYPE ["string"],
]
handlers: [
]

---
snippet: "
  var a = 1;
  var b = 2;
  return 'foo' + a + 'bar' + b + 'baz' + 1;
"
frame size: 7
parameter count: 1
bytecode array length: 38
bytecodes: [
  /*   30 E> */ B(StackCheck),
  /*   42 S> */ B(LdaSmi), I8(1),
                B(Star), R(0),
  /*   53 S> */ B(LdaSmi), I8(2),
                B(Star), R(1),
  /*   56 S> */ B(LdaConstant), U8(0),
                B(Star), R(2),
                B(Ldar), R(0),
  /*   69 E> */ B(ToPrimitiveToString), R(3), U8(4),
                B(LdaConstant), U8(1),
                B(Star), R(4),
                B(Ldar), R(1),
  /*   81 E> */ B(ToPrimitiveToString), R(5), U8(6),
                B(LdaConstant), U8(2),
                B(Star), R(6),
  /*   85 E> */ B(StringConcat), R(2), U8(5),
  /*   93 E> */ B(AddSmi), I8(1), U8(8),
  /*   98 S> */ B(Return),
]
constant pool: [
  ONE_BYTE_INTERNALIZED_STRING_TYPE ["foo"],
  ONE_BYTE_INTERNALIZED_STRING_TYPE ["bar"],
  ONE_BYTE_INTERNALIZED_STRING_TYPE ["baz"],
]
handlers: [
]

---
snippet: "
  var a = 1;
  var b = 2;
  return (a + 'string') + ('string' + b);
"
frame size: 6
parameter count: 1
bytecode array length: 31
bytecodes: [
  /*   30 E> */ B(StackCheck),
  /*   42 S> */ B(LdaSmi), I8(1),
                B(Star), R(0),
  /*   53 S> */ B(LdaSmi), I8(2),
                B(Star), R(1),
  /*   56 S> */ B(LdaConstant), U8(0),
                B(Star), R(3),
                B(Ldar), R(0),
  /*   66 E> */ B(ToPrimitiveToString), R(2), U8(4),
                B(LdaConstant), U8(0),
                B(Star), R(4),
                B(Ldar), R(1),
  /*   90 E> */ B(ToPrimitiveToString), R(5), U8(5),
  /*   78 E> */ B(StringConcat), R(2), U8(4),
  /*   96 S> */ B(Return),
]
constant pool: [
  ONE_BYTE_INTERNALIZED_STRING_TYPE ["string"],
]
handlers: [
]

---
snippet: "
  var a = 1;
  var b = 2;
  function foo(a, b) { };
  return 'string' + foo(a, b) + a + b;
"
frame size: 7
parameter count: 1
bytecode array length: 41
bytecodes: [
                B(CreateClosure), U8(0), U8(4), U8(2),
                B(Star), R(2),
  /*   30 E> */ B(StackCheck),
  /*   42 S> */ B(LdaSmi), I8(1),
                B(Star), R(0),
  /*   53 S> */ B(LdaSmi), I8(2),
                B(Star), R(1),
  /*   80 S> */ B(LdaConstant), U8(1),
                B(Star), R(3),
  /*   98 E> */ B(CallUndefinedReceiver2), R(2), R(0), R(1), U8(5),
  /*   96 E> */ B(ToPrimitiveToString), R(4), U8(7),
                B(Ldar), R(0),
  /*  108 E> */ B(ToPrimitiveToString), R(5), U8(8),
                B(Ldar), R(1),
  /*  112 E> */ B(ToPrimitiveToString), R(6), U8(9),
                B(StringConcat), R(3), U8(4),
  /*  117 S> */ B(Return),
]
constant pool: [
  SHARED_FUNCTION_INFO_TYPE,
  ONE_BYTE_INTERNALIZED_STRING_TYPE ["string"],
]
handlers: [
]

